2026-09-15 01:04:10,759 INFO __main__ - Inicio de consolidacion
2026-09-15 01:04:10,759 INFO __main__ - Archivo de entrada: E:\CAROLA\CAROLA TRABAJO\PASANTIA UNNE - AGENTE ASUNTOS LEGALES\identificacion_roles\outputs\por_documento\20260914_215229_pii_v7_fragmentos_thr50\predicciones_por_documento.json
2026-09-15 01:04:10,778 INFO __main__ - Documentos cargados: 79
2026-09-15 01:04:10,825 INFO __main__ - Consolidacion finalizada: documentos=79 resueltos=53 multiples=3 no_resueltos=23 personas=59
2026-09-15 01:04:10,825 INFO __main__ - Salida: E:\CAROLA\CAROLA TRABAJO\PASANTIA UNNE - AGENTE ASUNTOS LEGALES\identificacion_roles\outputs\consolidacion\20260915_010410_consolidacion_pii_v7_thr50
2026-09-15 01:04:27,814 INFO __main__ - Inicio de consolidacion
2026-09-15 01:04:27,814 INFO __main__ - Archivo de entrada: E:\CAROLA\CAROLA TRABAJO\PASANTIA UNNE - AGENTE ASUNTOS LEGALES\identificacion_roles\outputs\por_documento\20260914_234849_multi_v7_fragmentos_thr50\predicciones_por_documento.json
2026-09-15 01:04:27,833 INFO __main__ - Documentos cargados: 79
2026-09-15 01:04:28,030 INFO __main__ - Consolidacion finalizada: documentos=79 resueltos=62 multiples=9 no_resueltos=8 personas=118
2026-09-15 01:04:28,030 INFO __main__ - Salida: E:\CAROLA\CAROLA TRABAJO\PASANTIA UNNE - AGENTE ASUNTOS LEGALES\identificacion_roles\outputs\consolidacion\20260915_010427_consolidacion_multi_v7_thr50
2026-09-15 01:20:37,026 INFO __main__ - Inicio de consolidacion
2026-09-15 01:20:37,027 INFO __main__ - Archivo de entrada: E:\CAROLA\CAROLA TRABAJO\PASANTIA UNNE - AGENTE ASUNTOS LEGALES\identificacion_roles\outputs\por_documento\20260914_215229_pii_v7_fragmentos_thr50\predicciones_por_documento.json
2026-09-15 01:20:37,043 INFO __main__ - Documentos cargados: 79
2026-09-15 01:20:37,098 INFO __main__ - Consolidacion finalizada: documentos=79 resueltos=49 multiples=4 no_resueltos=26 personas=57
2026-09-15 01:20:37,098 INFO __main__ - Salida: E:\CAROLA\CAROLA TRABAJO\PASANTIA UNNE - AGENTE ASUNTOS LEGALES\identificacion_roles\outputs\consolidacion\20260915_012037_consolidacion_pii_v7_thr50_v2
2026-09-15 01:20:46,213 INFO __main__ - Inicio de consolidacion
2026-09-15 01:20:46,213 INFO __main__ - Archivo de entrada: E:\CAROLA\CAROLA TRABAJO\PASANTIA UNNE - AGENTE ASUNTOS LEGALES\identificacion_roles\outputs\por_documento\20260914_234849_multi_v7_fragmentos_thr50\predicciones_por_documento.json
2026-09-15 01:20:46,232 INFO __main__ - Documentos cargados: 79
2026-09-15 01:20:46,413 INFO __main__ - Consolidacion finalizada: documentos=79 resueltos=58 multiples=10 no_resueltos=11 personas=121
2026-09-15 01:20:46,413 INFO __main__ - Salida: E:\CAROLA\CAROLA TRABAJO\PASANTIA UNNE - AGENTE ASUNTOS LEGALES\identificacion_roles\outputs\consolidacion\20260915_012046_consolidacion_multi_v7_thr50_v2
2026-09-17 12:18:23,188 INFO __main__ - Inicio de consolidacion
2026-09-17 12:18:23,249 INFO __main__ - Archivo de entrada: E:\CAROLA\CAROLA TRABAJO\PASANTIA UNNE - AGENTE ASUNTOS LEGALES\identificacion_roles\outputs\por_documento\20260914_215229_pii_v7_fragmentos_thr50\predicciones_por_documento.json
2026-09-17 12:18:23,311 INFO __main__ - Documentos cargados: 79
2026-09-17 12:18:23,372 INFO __main__ - Consolidacion finalizada: documentos=79 resueltos=52 multiples=4 no_resueltos=23 personas=60
2026-09-17 12:18:23,373 INFO __main__ - Salida: E:\CAROLA\CAROLA TRABAJO\PASANTIA UNNE - AGENTE ASUNTOS LEGALES\identificacion_roles\outputs\consolidacion\20260917_121823_consolidacion_pii_v7_thr50_v3
2026-09-17 12:18:40,024 INFO __main__ - Inicio de consolidacion
2026-09-17 12:18:40,024 INFO __main__ - Archivo de entrada: E:\CAROLA\CAROLA TRABAJO\PASANTIA UNNE - AGENTE ASUNTOS LEGALES\identificacion_roles\outputs\por_documento\20260914_234849_multi_v7_fragmentos_thr50\predicciones_por_documento.json
2026-09-17 12:18:40,118 INFO __main__ - Documentos cargados: 79
2026-09-17 12:18:40,303 INFO __main__ - Consolidacion finalizada: documentos=79 resueltos=62 multiples=10 no_resueltos=7 personas=125
2026-09-17 12:18:40,303 INFO __main__ - Salida: E:\CAROLA\CAROLA TRABAJO\PASANTIA UNNE - AGENTE ASUNTOS LEGALES\identificacion_roles\outputs\consolidacion\20260917_121840_consolidacion_multi_v7_thr50_v3
2026-09-18 00:48:47,841 INFO __main__ - Inicio de consolidacion
2026-09-18 00:48:47,859 INFO __main__ - Archivo de entrada: E:\CAROLA\CAROLA TRABAJO\PASANTIA UNNE - AGENTE ASUNTOS LEGALES\identificacion_roles\outputs\por_documento\20260918_001043_multi_v7_fragmentos_thr50\predicciones_por_documento.json
2026-09-18 00:48:47,885 INFO __main__ - Documentos cargados: 1
2026-09-18 00:48:49,110 INFO __main__ - Consolidacion finalizada: documentos=1 resueltos=0 multiples=0 no_resueltos=1 personas=0
2026-09-18 00:48:49,112 INFO __main__ - Salida: E:\CAROLA\CAROLA TRABAJO\PASANTIA UNNE - AGENTE ASUNTOS LEGALES\identificacion_roles\outputs\consolidacion\20260918_004848_consolidacion_multi_fragmentos_suficiencia_v1
2026-09-18 00:49:03,695 INFO __main__ - Inicio de consolidacion
2026-09-18 00:49:03,695 INFO __main__ - Archivo de entrada: E:\CAROLA\CAROLA TRABAJO\PASANTIA UNNE - AGENTE ASUNTOS LEGALES\identificacion_roles\outputs\por_documento\20260918_003044_pii_v7_fragmentos_thr50\predicciones_por_documento.json
2026-09-18 00:49:03,709 INFO __main__ - Documentos cargados: 1
2026-09-18 00:49:03,891 INFO __main__ - Consolidacion finalizada: documentos=1 resueltos=0 multiples=0 no_resueltos=1 personas=0
2026-09-18 00:49:03,891 INFO __main__ - Salida: E:\CAROLA\CAROLA TRABAJO\PASANTIA UNNE - AGENTE ASUNTOS LEGALES\identificacion_roles\outputs\consolidacion\20260918_004903_consolidacion_pii_fragmentos_suficiencia_v1
2026-09-18 01:23:22,493 INFO __main__ - Inicio de consolidacion
2026-09-18 01:23:22,511 INFO __main__ - Archivo de entrada: E:\CAROLA\CAROLA TRABAJO\PASANTIA UNNE - AGENTE ASUNTOS LEGALES\identificacion_roles\outputs\por_documento\20260918_011122_multi_v7_fragmentos_thr50\predicciones_por_documento.json
2026-09-18 01:23:22,530 INFO __main__ - Documentos cargados: 79
2026-09-18 01:23:22,828 INFO __main__ - Consolidacion finalizada: documentos=79 resueltos=63 multiples=9 no_resueltos=7 personas=123
2026-09-18 01:23:22,828 INFO __main__ - Salida: E:\CAROLA\CAROLA TRABAJO\PASANTIA UNNE - AGENTE ASUNTOS LEGALES\identificacion_roles\outputs\consolidacion\20260918_012322_consolidacion_multi_fragmentos_suficiencia_v1
2026-09-18 14:13:56,971 INFO __main__ - Inicio de consolidacion
2026-09-18 14:13:56,971 INFO __main__ - Archivo de entrada: E:\CAROLA\CAROLA TRABAJO\PASANTIA UNNE - AGENTE ASUNTOS LEGALES\identificacion_roles\outputs\por_documento\20260918_011122_multi_v7_fragmentos_thr50\predicciones_por_documento.json
2026-09-18 14:13:56,995 INFO __main__ - Documentos cargados: 79
2026-09-18 14:13:57,208 INFO __main__ - Consolidacion finalizada: documentos=79 resueltos=63 multiples=9 no_resueltos=7 personas=123
2026-09-18 14:13:57,209 INFO __main__ - Salida: E:\CAROLA\CAROLA TRABAJO\PASANTIA UNNE - AGENTE ASUNTOS LEGALES\identificacion_roles\outputs\consolidacion\20260918_141357_consolidacion_multi_fragmentos_suficiencia_v2
2026-09-25 13:21:56,911 INFO __main__ - Inicio de consolidacion
2026-09-25 13:21:56,925 INFO __main__ - Archivo de entrada: E:\CAROLA\CAROLA TRABAJO\PASANTIA UNNE - AGENTE ASUNTOS LEGALES\identificacion_roles\outputs\por_documento\20260925_125716_multi_v7_fragmentos_thr50\predicciones_por_documento.json
2026-09-25 13:21:56,940 INFO __main__ - Documentos cargados: 79
2026-09-25 13:21:57,110 INFO __main__ - Consolidacion finalizada: documentos=79 resueltos=63 multiples=6 no_resueltos=10 personas=78
2026-09-25 13:21:57,110 INFO __main__ - Salida: E:\CAROLA\CAROLA TRABAJO\PASANTIA UNNE - AGENTE ASUNTOS LEGALES\identificacion_roles\outputs\consolidacion\20260925_132157_consolidacion_multi_fragmentos_contexto_v1
2026-09-25 15:00:03,109 INFO __main__ - Inicio de consolidacion
2026-09-25 15:00:03,125 INFO __main__ - Archivo de entrada: E:\CAROLA\CAROLA TRABAJO\PASANTIA UNNE - AGENTE ASUNTOS LEGALES\identificacion_roles\outputs\por_documento\20260925_125716_multi_v7_fragmentos_thr50\predicciones_por_documento.json
2026-09-25 15:00:03,141 INFO __main__ - Documentos cargados: 79
2026-09-25 15:00:03,293 INFO __main__ - Consolidacion finalizada: documentos=79 resueltos=63 multiples=6 no_resueltos=10 personas=78
2026-09-25 15:00:03,293 INFO __main__ - Salida: E:\CAROLA\CAROLA TRABAJO\PASANTIA UNNE - AGENTE ASUNTOS LEGALES\identificacion_roles\outputs\consolidacion\20260925_150003_consolidacion_multi_fragmentos_diagnostico_v1
2026-09-27 16:23:22,585 INFO __main__ - Inicio de consolidacion
2026-09-27 16:23:22,606 INFO __main__ - Archivo de entrada: E:\CAROLA\CAROLA TRABAJO\PASANTIA UNNE - AGENTE ASUNTOS LEGALES\identificacion_roles\outputs\por_documento\20260925_125716_multi_v7_fragmentos_thr50\predicciones_por_documento.json
2026-09-27 16:23:22,623 INFO __main__ - Documentos cargados: 79
2026-09-27 16:23:22,813 INFO __main__ - Consolidacion finalizada: documentos=79 resueltos=69 multiples=4 no_resueltos=6 personas=78
2026-09-27 16:23:22,814 INFO __main__ - Salida: E:\CAROLA\CAROLA TRABAJO\PASANTIA UNNE - AGENTE ASUNTOS LEGALES\identificacion_roles\outputs\consolidacion\20260927_162322_consolidacion_multi_fragmentos_senales_v1
2026-09-29 14:03:21,841 INFO __main__ - Inicio de consolidacion
2026-09-29 14:03:21,846 INFO __main__ - Archivo de entrada: E:\CAROLA\CAROLA TRABAJO\PASANTIA UNNE - AGENTE ASUNTOS LEGALES\identificacion_roles\outputs\por_documento\20260929_132145_multi_v7_fragmentos_thr50\predicciones_por_documento.json
2026-09-29 14:03:21,862 INFO __main__ - Documentos cargados: 80
2026-09-29 14:03:22,084 INFO __main__ - Consolidacion finalizada: documentos=80 resueltos=65 multiples=7 no_resueltos=8 personas=82
2026-09-29 14:03:22,084 INFO __main__ - Salida: E:\CAROLA\CAROLA TRABAJO\PASANTIA UNNE - AGENTE ASUNTOS LEGALES\identificacion_roles\outputs\consolidacion\20260929_140321_consolidacion_multi_fragmentos_thr50
2026-09-29 14:03:32,302 INFO __main__ - Inicio de consolidacion
2026-09-29 14:03:32,303 INFO __main__ - Archivo de entrada: E:\CAROLA\CAROLA TRABAJO\PASANTIA UNNE - AGENTE ASUNTOS LEGALES\identificacion_roles\outputs\por_documento\20260929_134547_pii_v7_fragmentos_thr50\predicciones_por_documento.json
2026-09-29 14:03:32,316 INFO __main__ - Documentos cargados: 80
2026-09-29 14:03:32,409 INFO __main__ - Consolidacion finalizada: documentos=80 resueltos=57 multiples=2 no_resueltos=21 personas=61
2026-09-29 14:03:32,409 INFO __main__ - Salida: E:\CAROLA\CAROLA TRABAJO\PASANTIA UNNE - AGENTE ASUNTOS LEGALES\identificacion_roles\outputs\consolidacion\20260929_140332_consolidacion_pii_fragmentos_thr50
2026-09-29 14:44:33,566 INFO __main__ - Inicio de consolidacion
2026-09-29 14:44:33,567 INFO __main__ - Archivo de entrada: E:\CAROLA\CAROLA TRABAJO\PASANTIA UNNE - AGENTE ASUNTOS LEGALES\identificacion_roles\outputs\por_documento\20260929_144135_multi_v7_fragmentos_dspy_thr50\predicciones_por_documento.json
2026-09-29 14:44:33,586 INFO __main__ - Documentos cargados: 80
2026-09-29 14:44:33,796 INFO __main__ - Consolidacion finalizada: documentos=80 resueltos=67 multiples=5 no_resueltos=8 personas=82
2026-09-29 14:44:33,796 INFO __main__ - Salida: E:\CAROLA\CAROLA TRABAJO\PASANTIA UNNE - AGENTE ASUNTOS LEGALES\identificacion_roles\outputs\consolidacion\20260929_144433_consolidacion_multi_fragmentos_dspy_thr50
2026-09-29 16:17:42,523 INFO __main__ - Inicio de consolidacion
2026-09-29 16:17:42,524 INFO __main__ - Archivo de entrada: E:\CAROLA\CAROLA TRABAJO\PASANTIA UNNE - AGENTE ASUNTOS LEGALES\identificacion_roles\outputs\por_documento\20260929_144135_multi_v7_fragmentos_dspy_thr50\predicciones_por_documento.json
2026-09-29 16:17:42,539 INFO __main__ - Documentos cargados: 80
2026-09-29 16:17:42,726 INFO __main__ - Consolidacion finalizada: documentos=80 resueltos=68 multiples=5 no_resueltos=7 personas=83
2026-09-29 16:17:42,726 INFO __main__ - Salida: E:\CAROLA\CAROLA TRABAJO\PASANTIA UNNE - AGENTE ASUNTOS LEGALES\identificacion_roles\outputs\consolidacion\20260929_161742_consolidacion_multi_fragmentos_dspy_thr50_v2
2026-09-29 16:27:44,225 INFO __main__ - Inicio de consolidacion
2026-09-29 16:27:44,225 INFO __main__ - Archivo de entrada: E:\CAROLA\CAROLA TRABAJO\PASANTIA UNNE - AGENTE ASUNTOS LEGALES\identificacion_roles\outputs\por_documento\20260929_144135_multi_v7_fragmentos_dspy_thr50\predicciones_por_documento.json
2026-09-29 16:27:44,241 INFO __main__ - Documentos cargados: 80
2026-09-29 16:27:44,445 INFO __main__ - Consolidacion finalizada: documentos=80 resueltos=71 multiples=6 no_resueltos=3 personas=92
2026-09-29 16:27:44,446 INFO __main__ - Salida: E:\CAROLA\CAROLA TRABAJO\PASANTIA UNNE - AGENTE ASUNTOS LEGALES\identificacion_roles\outputs\consolidacion\20260929_162744_consolidacion_multi_fragmentos_dspy_thr50_v2
2026-09-30 13:47:49,658 INFO __main__ - Inicio de consolidacion
2026-09-30 13:47:49,682 INFO __main__ - Archivo de entrada: E:\CAROLA\CAROLA TRABAJO\PASANTIA UNNE - AGENTE ASUNTOS LEGALES\identificacion_roles\outputs\por_documento\20260930_133106_multi_v7_fragmentos_thr50\predicciones_por_documento.json
2026-09-30 13:47:49,701 INFO __main__ - Documentos cargados: 80
2026-09-30 13:47:50,039 INFO __main__ - Consolidacion finalizada: documentos=80 resueltos=68 multiples=8 no_resueltos=4 personas=84
2026-09-30 13:47:50,040 INFO __main__ - Salida: E:\CAROLA\CAROLA TRABAJO\PASANTIA UNNE - AGENTE ASUNTOS LEGALES\identificacion_roles\outputs\consolidacion\20260930_134749_consolidacion_multi_fragmentos_thr50_20260930
2026-09-30 13:47:57,129 INFO __main__ - Inicio de consolidacion
2026-09-30 13:47:57,129 INFO __main__ - Archivo de entrada: E:\CAROLA\CAROLA TRABAJO\PASANTIA UNNE - AGENTE ASUNTOS LEGALES\identificacion_roles\outputs\por_documento\20260930_134333_pii_v7_fragmentos_thr50\predicciones_por_documento.json
2026-09-30 13:47:57,144 INFO __main__ - Documentos cargados: 80
2026-09-30 13:47:57,239 INFO __main__ - Consolidacion finalizada: documentos=80 resueltos=64 multiples=2 no_resueltos=14 personas=68
2026-09-30 13:47:57,239 INFO __main__ - Salida: E:\CAROLA\CAROLA TRABAJO\PASANTIA UNNE - AGENTE ASUNTOS LEGALES\identificacion_roles\outputs\consolidacion\20260930_134757_consolidacion_pii_fragmentos_thr50_20260930
2026-09-30 14:40:50,802 INFO __main__ - Inicio de consolidacion
2026-09-30 14:40:50,802 INFO __main__ - Archivo de entrada: E:\CAROLA\CAROLA TRABAJO\PASANTIA UNNE - AGENTE ASUNTOS LEGALES\identificacion_roles\outputs\por_documento\20260930_133106_multi_v7_fragmentos_thr50\predicciones_por_documento.json
2026-09-30 14:40:50,818 INFO __main__ - Documentos cargados: 80
2026-09-30 14:40:51,020 INFO __main__ - Consolidacion finalizada: documentos=80 resueltos=66 multiples=13 no_resueltos=1 personas=132
2026-09-30 14:40:51,020 INFO __main__ - Salida: E:\CAROLA\CAROLA TRABAJO\PASANTIA UNNE - AGENTE ASUNTOS LEGALES\identificacion_roles\outputs\consolidacion\20260930_144050_consolidacion_multi_fragmentos_thr50_v2
2026-09-30 14:42:04,961 INFO __main__ - Inicio de consolidacion
2026-09-30 14:42:04,961 INFO __main__ - Archivo de entrada: E:\CAROLA\CAROLA TRABAJO\PASANTIA UNNE - AGENTE ASUNTOS LEGALES\identificacion_roles\outputs\por_documento\20260930_134333_pii_v7_fragmentos_thr50\predicciones_por_documento.json
2026-09-30 14:42:04,974 INFO __main__ - Documentos cargados: 80
2026-09-30 14:42:05,097 INFO __main__ - Consolidacion finalizada: documentos=80 resueltos=64 multiples=7 no_resueltos=9 personas=78
2026-09-30 14:42:05,097 INFO __main__ - Salida: E:\CAROLA\CAROLA TRABAJO\PASANTIA UNNE - AGENTE ASUNTOS LEGALES\identificacion_roles\outputs\consolidacion\20260930_144205_consolidacion_pii_fragmentos_thr50_v2
2026-09-30 14:53:43,328 INFO __main__ - Inicio de consolidacion
2026-09-30 14:53:43,338 INFO __main__ - Archivo de entrada: E:\CAROLA\CAROLA TRABAJO\PASANTIA UNNE - AGENTE ASUNTOS LEGALES\identificacion_roles\outputs\por_documento\20260930_133106_multi_v7_fragmentos_thr50\predicciones_por_documento.json
2026-09-30 14:53:43,368 INFO __main__ - Documentos cargados: 80
2026-09-30 14:53:43,738 INFO __main__ - Consolidacion finalizada: documentos=80 resueltos=66 multiples=13 no_resueltos=1 personas=108
2026-09-30 14:53:43,738 INFO __main__ - Salida: E:\CAROLA\CAROLA TRABAJO\PASANTIA UNNE - AGENTE ASUNTOS LEGALES\identificacion_roles\outputs\consolidacion\20260930_145343_consolidacion_multi_fragmentos_thr50_v3
2026-09-30 15:03:54,783 INFO __main__ - Inicio de consolidacion
2026-09-30 15:03:54,783 INFO __main__ - Archivo de entrada: E:\CAROLA\CAROLA TRABAJO\PASANTIA UNNE - AGENTE ASUNTOS LEGALES\identificacion_roles\outputs\por_documento\20260930_133106_multi_v7_fragmentos_thr50\predicciones_por_documento.json
2026-09-30 15:03:54,799 INFO __main__ - Documentos cargados: 80
2026-09-30 15:03:54,990 INFO __main__ - Consolidacion finalizada: documentos=80 resueltos=69 multiples=8 no_resueltos=3 personas=85
2026-09-30 15:03:54,990 INFO __main__ - Salida: E:\CAROLA\CAROLA TRABAJO\PASANTIA UNNE - AGENTE ASUNTOS LEGALES\identificacion_roles\outputs\consolidacion\20260930_150354_consolidacion_multi_fragmentos_thr50_rollback_titular
2026-09-30 15:04:44,120 INFO __main__ - Inicio de consolidacion
2026-09-30 15:04:44,120 INFO __main__ - Archivo de entrada: E:\CAROLA\CAROLA TRABAJO\PASANTIA UNNE - AGENTE ASUNTOS LEGALES\identificacion_roles\outputs\por_documento\20260930_134333_pii_v7_fragmentos_thr50\predicciones_por_documento.json
2026-09-30 15:04:44,137 INFO __main__ - Documentos cargados: 80
2026-09-30 15:04:44,229 INFO __main__ - Consolidacion finalizada: documentos=80 resueltos=64 multiples=2 no_resueltos=14 personas=68
2026-09-30 15:04:44,229 INFO __main__ - Salida: E:\CAROLA\CAROLA TRABAJO\PASANTIA UNNE - AGENTE ASUNTOS LEGALES\identificacion_roles\outputs\consolidacion\20260930_150444_consolidacion_pii_fragmentos_thr50_rollback_titular
